2026-09-14: clean window (real data from sophon host, window 00:00-06:30 UTC, runs=16, timeouts=0, exit1=0)
2026-09-15: exit1 without timeout (real data from sophon host, window 00:00-06:30 UTC, runs=12, timeouts=0, exit1=1)
2026-09-16: clean window (real data from sophon host, window 00:00-06:30 UTC, runs=0, timeouts=0, exit1=0)

== census-window: agent=continuo day=2026-09-16 window=00:00-06:30 UTC ==
--- runs (start UTC | timeout? turns tools exit fate):
no journald lines for continuo in window (clean or unit not logging)
--- aggregate: runs=0 timeouts=0 exit1=0
--- requests in window: 0 (log rotated past window or clean window)
VERDICT: clean window -- H1 supported (workload converted to fast closes)
2026-09-17: exit1 without timeout (real data from sophon host, window 00:00-06:30 UTC, runs=12, timeouts=0, exit1=1)

== census-window: agent=continuo day=2026-09-17 window=00:00-06:30 UTC ==
--- runs (start UTC | timeout? turns tools exit fate):
 | to= | turns=0, tools=46, exit=0 
Sep 17 00:10:38 | to=0 | turns=0, tools=33, exit=0 
Sep 17 00:40:39 | to=0 | turns=0, tools=49, exit=0 
Sep 17 01:21:04 | to=0 | turns=0, tools=51, exit=0 
Sep 17 01:53:14 | to=0 | turns=0, tools=56, exit=0 
Sep 17 02:21:29 | to=0 | turns=0, tools=50, exit=0 
Sep 17 02:58:36 | to=0 | turns=0, tools=41, exit=0 
Sep 17 03:30:33 | to=0 | turns=1, tools=35, exit=1 
Sep 17 04:15:00 | to=0 | turns=0, tools=37, exit=0 
Sep 17 05:02:21 | to=0 | turns=0, tools=45, exit=0 
Sep 17 05:37:32 | to=0 | turns=0, tools=69, exit=0 
Sep 17 06:11:59 | to=0 | turns=0, tools=33, exit=0 
--- aggregate: runs=12 timeouts=0 exit1=1
--- requests in window: 0 (log rotated past window or clean window)
VERDICT: exit1 without timeout -- different shape, read runs above== census-window: agent=continuo day=2026-09-17 window=00:00-06:30 UTC ==
--- runs (start UTC | timeout? turns tools exit fate):
 | to= | turns=0, tools=46, exit=0 
Sep 17 00:10:38 | to=0 | turns=0, tools=33, exit=0 
Sep 17 00:40:39 | to=0 | turns=0, tools=49, exit=0 
Sep 17 01:21:04 | to=0 | turns=0, tools=51, exit=0 
Sep 17 01:53:14 | to=0 | turns=0, tools=56, exit=0 
Sep 17 02:21:29 | to=0 | turns=0, tools=50, exit=0 
Sep 17 02:58:36 | to=0 | turns=0, tools=41, exit=0 
Sep 17 03:30:33 | to=0 | turns=1, tools=35, exit=1 
Sep 17 04:15:00 | to=0 | turns=0, tools=37, exit=0 
Sep 17 05:02:21 | to=0 | turns=0, tools=45, exit=0 
Sep 17 05:37:32 | to=0 | turns=0, tools=69, exit=0 
Sep 17 06:11:59 | to=0 | turns=0, tools=33, exit=0 
--- aggregate: runs=12 timeouts=0 exit1=1
--- requests in window: 0 (log rotated past window or clean window)
VERDICT: exit1 without timeout -- different shape, read runs above
2026-09-18: exit1 without timeout (real data from sophon host, window 00:00-06:30 UTC, runs=10, timeouts=0, exit1=6)
2026-09-18: exit1 without timeout (real data from sophon host, window 00:00-06:30 UTC, runs=10, timeouts=0, exit1=6)

== census-window: agent=continuo day=2026-09-18 window=00:00-06:30 UTC ==
--- runs (start UTC | timeout? turns tools exit fate):
Sep 18 00:07:18 | to=0 | turns=4, tools=134, exit=0 
Sep 18 00:45:30 | to=0 | turns=2, tools=106, exit=1 
Sep 18 01:16:54 | to=0 | turns=0, tools=49, exit=0 
Sep 18 01:45:03 | to=0 | turns=1, tools=140, exit=1 
Sep 18 02:30:15 | to=0 | turns=1, tools=88, exit=1 
Sep 18 03:12:46 | to=0 | turns=1, tools=30, exit=1 
Sep 18 03:53:33 | to=0 | turns=1, tools=36, exit=1 
Sep 18 04:25:46 | to=0 | turns=1, tools=168, exit=1 
Sep 18 05:30:12 | to=0 | turns=1, tools=124, exit=0 
Sep 18 06:17:34 | to=0 | turns=0, tools=46, exit=0 
--- aggregate: runs=10 timeouts=0 exit1=6
--- requests in window: 0 (log rotated past window or clean window)
VERDICT: exit1 without timeout -- different shape, read runs above

2026-09-19: clean window (real data from sophon host, window 00:00-06:30 UTC, runs=0, timeouts=0, exit1=0)

== census-window: agent=continuo day=2026-09-19 window=00:00-06:30 UTC ==
--- runs (start UTC | timeout? turns tools exit fate):
no journald lines for continuo in window (clean or unit not logging)
--- aggregate: runs=0 timeouts=0 exit1=0
--- requests in window: 0 (log rotated past window or clean window)
VERDICT: clean window -- H1 supported (workload converted to fast closes)
== census-window: agent=aria day=2026-09-19 window=00:00-06:30 UTC ==
--- runs (start UTC | timeout? turns tools exit fate):
Sep 19 00:12:17 | to=0 | turns=2, tools=88, exit=0 
Sep 19 00:53:25 | to=0 | turns=1, tools=172, exit=0 
Sep 19 01:21:17 | to=0 | turns=2, tools=41, exit=0 
Sep 19 01:35:15 | to=0 | turns=3, tools=173, exit=0 
--- aggregate: runs=4 timeouts=0 exit1=0
--- requests in window: n=655 latency: median=2s max=107s over60s=1
VERDICT: clean window -- H1 supported (workload converted to fast closes)
census-window: REFUSED -- DAY=continuo is in the future (today=2026-09-19).
  A future day has no journald lines by construction; recording its
  empty verdict as a clean window manufactures a fake-clean record
  (c358: continuo recorded two 2026-09-16 clean lines on 09-15).
== census-window: agent=continuo day=2026-09-19 window=00:00-06:30 UTC ==
--- runs (start UTC | timeout? turns tools exit fate):
 | to= | turns=0, tools=68, exit=0 
Sep 19 00:33:05 | to=0 | turns=2, tools=54, exit=0 
Sep 19 01:03:36 | to=0 | turns=0, tools=47, exit=0 
Sep 19 01:26:23 | to=0 | turns=2, tools=55, exit=0 
Sep 19 01:49:20 | to=0 | turns=0, tools=69, exit=0 
Sep 19 02:14:45 | to=0 | turns=0, tools=92, exit=0 
Sep 19 03:06:51 | to=0 | turns=0, tools=46, exit=0 
Sep 19 03:27:24 | to=0 | turns=1, tools=36, exit=0 
Sep 19 03:44:15 | to=0 | turns=0, tools=55, exit=0 
Sep 19 04:04:40 | to=0 | turns=2, tools=65, exit=0 
Sep 19 04:31:54 | to=0 | turns=0, tools=46, exit=0 
Sep 19 05:16:51 | to=0 | turns=3, tools=63, exit=0 
Sep 19 05:51:01 | to=0 | turns=1, tools=79, exit=0 
--- aggregate: runs=13 timeouts=0 exit1=0
--- requests in window: 0 (log rotated past window or clean window)
VERDICT: clean window -- H1 supported (workload converted to fast closes)
2026-09-20: exit1 without timeout (real data from sophon host, window 00:00-06:30 UTC, runs=7, timeouts=0, exit1=1)
== census-window: agent=continuo day=2026-09-20 window=00:00-06:30 UTC ==
--- runs (start UTC | timeout? turns tools exit fate):
 | to= | turns=1, tools=48, exit=0 
Sep 20 01:11:31 | to=0 | turns=2, tools=76, exit=0 
Sep 20 01:51:38 | to=0 | turns=3, tools=73, exit=1 
Sep 20 02:23:09 | to=0 | turns=0, tools=40, exit=0 
Sep 20 02:34:09 | to=0 | turns=1, tools=58, exit=0 
Sep 20 03:25:40 | to=0 | turns=3, tools=106, exit=0 
Sep 20 04:03:31 | to=0 | turns=0, tools=39, exit=0 
--- aggregate: runs=7 timeouts=0 exit1=1
--- requests in window: 0 (log rotated past window or clean window)
VERDICT: exit1 without timeout -- different shape, read runs above
2026-09-20: exit1 without timeout (real data from sophon host, window 00:00-06:30 UTC, runs=7, timeouts=0, exit1=1)
census-window: REFUSED -- this instrument runs ON SOPHON HOST only.
  (no /var/log/journal or no /var/home/nacho/repos/iar-personalization here; in-container it would
  return a fake-clean empty verdict -- see c301 addendum).
  Run via: ssh root@10.66.0.5 'bash -s' < census-window.sh
