[census-update] continuo census-window output for 2026-09-12:
== census-window: agent=continuo day=2026-09-12 window=00:00-06:30 UTC ==
--- runs (start UTC | timeout? turns tools exit fate):
Sep 12 00:07:25 | to=0 | turns=0, tools=30, exit=0 
Sep 12 00:29:26 | to=0 | turns=0, tools=21, exit=0 
Sep 12 00:46:59 | to=0 | turns=0, tools=15, exit=0 
Sep 12 01:00:19 | to=0 | turns=1, tools=6, exit=1 
Sep 12 01:20:53 | to=0 | turns=0, tools=30, exit=0 
Sep 12 01:35:19 | to=0 | turns=1, tools=34, exit=0 
Sep 12 02:03:23 | to=0 | turns=1, tools=19, exit=1 
Sep 12 02:19:59 | to=0 | turns=0, tools=18, exit=0 
Sep 12 02:35:16 | to=0 | turns=0, tools=37, exit=0 
Sep 12 02:57:39 | to=0 | turns=1, tools=60, exit=0 
Sep 12 03:31:45 | to=0 | turns=1, tools=27, exit=1 
Sep 12 04:22:34 | to=0 | turns=0, tools=37, exit=0 
Sep 12 04:34:10 | to=0 | turns=0, tools=29, exit=0 
Sep 12 04:47:14 | to=0 | turns=0, tools=47, exit=0 
Sep 12 05:35:36 | to=0 | turns=1, tools=41, exit=1 
--- aggregate: runs=15 timeouts=0 exit1=4
--- requests in window: n=383 latency: median=7s max=274s over60s=8
VERDICT: exit1 without timeout -- different shape, read runs above
== census-window: agent=continuo day=2026-09-12 window=00:00-06:30 UTC ==
no journald lines for continuo in window (clean or unit not logging)
--- census update at 2026-09-13 00:19:31 UTC ---
== census-window: agent=continuo day=2026-09-12 window=00:00-06:30 UTC ==
--- runs (start UTC | timeout? turns tools exit fate):
Sep 12 00:07:25 | to=0 | turns=0, tools=30, exit=0 
Sep 12 00:29:26 | to=0 | turns=0, tools=21, exit=0 
Sep 12 00:46:59 | to=0 | turns=0, tools=15, exit=0 
Sep 12 01:00:19 | to=0 | turns=1, tools=6, exit=1 
Sep 12 01:20:53 | to=0 | turns=0, tools=30, exit=0 
Sep 12 01:35:19 | to=0 | turns=1, tools=34, exit=0 
Sep 12 02:03:23 | to=0 | turns=1, tools=19, exit=1 
Sep 12 02:19:59 | to=0 | turns=0, tools=18, exit=0 
Sep 12 02:35:16 | to=0 | turns=0, tools=37, exit=0 
Sep 12 02:57:39 | to=0 | turns=1, tools=60, exit=0 
Sep 12 03:31:45 | to=0 | turns=1, tools=27, exit=1 
Sep 12 04:22:34 | to=0 | turns=0, tools=37, exit=0 
Sep 12 04:34:10 | to=0 | turns=0, tools=29, exit=0 
Sep 12 04:47:14 | to=0 | turns=0, tools=47, exit=0 
Sep 12 05:35:36 | to=0 | turns=1, tools=41, exit=1 
--- aggregate: runs=15 timeouts=0 exit1=4
--- requests in window: 0 (log rotated past window or clean window)
VERDICT: exit1 without timeout -- different shape, read runs above
[census-update] continuo census-window output for 2026-09-13:
== census-window: agent=continuo day=2026-09-13 window=00:00-06:30 UTC ==
no journald lines for continuo in window (clean or unit not logging)
--- aggregate: runs=0 timeouts=0 exit1=0
--- requests in window: 0 (log rotated past window or clean window)
VERDICT: clean window -- H1 supported (workload converted to fast closes)
date: extra operand ‘%H:%M:%S’
Try 'date --help' for more information.
[census-update] continuo census-window output for  UTC:
== census-window: agent=continuo day=2026-09-13 window=00:00-06:30 UTC ==
no journald lines for continuo in window (clean or unit not logging)
== census-window: agent=continuo day=2026-09-13 window=00:00-06:30 UTC ==
no journald lines for continuo in window (clean or unit not logging)
[2026-09-14 03:56:40] census-window: agent=continuo day=2026-09-14 window=00:00-06:30 UTC
--- runs (start UTC | timeout? turns tools exit fate):
Sep 14 00:24:58 | to=0 | turns=1, tools=34, exit=0 
Sep 14 00:44:11 | to=0 | turns=0, tools=25, exit=0 
--- aggregate: runs=2 timeouts=0 exit1=0
--- requests in window: n=211 latency: median=6s max=277s over60s=5
VERDICT: clean window -- H1 supported (workload converted to fast closes)
[census-update] continuo census-window output for 2026-09-14:
== census-window: agent=2026-09-14 day=continuo window=00:00-06:30 UTC ==
no journald lines for 2026-09-14 in window (clean or unit not logging)
2026-09-14: clean window (no journald lines for continuo in window)
[census-update] continuo census-window output for 2026-09-14:
== census-window: agent=continuo day=2026-09-14 window=00:00-06:30 UTC ==
no journald lines for 2026-09-14 in window (clean or unit not logging)
--- aggregate: runs=0 timeouts=0 exit1=0
--- requests in window: 0 (log rotated past window or clean window)
VERDICT: clean window -- H1 supported (workload converted to fast closes)

[census-update] continuo census-window output for 2026-09-14 (REAL from sophon):
== census-window: agent=continuo day=2026-09-14 window=00:00-06:30 UTC ==
--- runs (start UTC | timeout? turns tools exit fate):
Sep 14 00:24:58 | to=0 | turns=1, tools=34, exit=0 
Sep 14 00:44:11 | to=0 | turns=0, tools=25, exit=0 
Sep 14 00:54:36 | to=0 | turns=0, tools=23, exit=0 
Sep 14 01:15:01 | to=0 | turns=0, tools=19, exit=0 
Sep 14 01:25:30 | to=0 | turns=0, tools=33, exit=0 
Sep 14 01:51:36 | to=0 | turns=0, tools=40, exit=0 
Sep 14 02:13:25 | to=0 | turns=0, tools=27, exit=0 
Sep 14 02:37:45 | to=0 | turns=1, tools=39, exit=0 
Sep 14 02:52:31 | to=0 | turns=0, tools=22, exit=0 
Sep 14 03:07:39 | to=0 | turns=0, tools=31, exit=0 
Sep 14 03:26:23 | to=0 | turns=0, tools=35, exit=0 
Sep 14 04:31:46 | to=0 | turns=0, tools=30, exit=0 
Sep 14 04:49:13 | to=0 | turns=0, tools=24, exit=0 
Sep 14 05:17:43 | to=0 | turns=2, tools=93, exit=0 
--- aggregate: runs=14 timeouts=0 exit1=0
--- requests in window: n=413 latency: median=6s max=277s over60s=7
VERDICT: clean window -- H1 supported (workload converted to fast closes)
[census-update] continuo census-window output for 2026-09-14 11:51:26 UTC:
census-window: REFUSED -- this instrument runs ON SOPHON HOST only.
  (no /var/log/journal or no /var/home/nacho/repos/iar-personalization here; in-container it would
  return a fake-clean empty verdict -- see c301 addendum).
  Run via: ssh root@10.66.0.5 'bash -s' < census-window.sh
[census-update] continuo census-window output for 2026-09-14 11:51:46 UTC:
== census-window: agent=aria day=2026-09-14 window=00:00-06:30 UTC ==
--- runs (start UTC | timeout? turns tools exit fate):
 | to= | turns=1, tools=305, exit=0 
Sep 14 00:38:22 | to=0 | turns=1, tools=54, exit=0 
Sep 14 00:47:41 | to=0 | turns=1, tools=40, exit=0 
Sep 14 00:59:35 | to=0 | turns=1, tools=208, exit=0 
Sep 14 01:18:51 | to=0 | turns=1, tools=36, exit=0 
Sep 14 01:31:51 | to=0 | turns=1, tools=174, exit=0 
Sep 14 01:58:51 | to=0 | turns=1, tools=126, exit=0 
Sep 14 02:18:27 | to=0 | turns=1, tools=180, exit=0 
Sep 14 02:43:40 | to=0 | turns=1, tools=48, exit=0 
Sep 14 02:56:11 | to=0 | turns=1, tools=85, exit=0 
Sep 14 03:12:53 | to=0 | turns=1, tools=50, exit=0 
Sep 14 03:34:50 | to=0 | turns=1, tools=120, exit=0 
Sep 14 04:10:19 | to=0 | turns=1, tools=243, exit=0 
Sep 14 04:38:19 | to=0 | turns=1, tools=151, exit=0 
Sep 14 04:54:47 | to=0 | turns=1, tools=120, exit=0 
Sep 14 05:39:36 | to=0 | turns=2, tools=164, exit=0 
--- aggregate: runs=16 timeouts=0 exit1=0
--- requests in window: 0 (log rotated past window or clean window)
VERDICT: clean window -- H1 supported (workload converted to fast closes)
[census-update] continuo census-window output for 2026-09-14 11:51:52 UTC:
== census-window: agent=aria day=continuo window=00:00-06:30 UTC ==
no journald lines for aria in window (clean or unit not logging)

[census-update] continuo census-window output for 2026-09-14 (REAL from sophon):
== census-window: agent=continuo day=2026-09-14 window=00:00-06:30 UTC ==
--- runs (start UTC | timeout? turns tools exit fate):
Sep 14 00:24:58 | to=0 | turns=1, tools=34, exit=0 
Sep 14 00:44:11 | to=0 | turns=0, tools=25, exit=0 
Sep 14 00:54:36 | to=0 | turns=0, tools=23, exit=0 
Sep 14 01:15:01 | to=0 | turns=0, tools=19, exit=0 
Sep 14 01:25:30 | to=0 | turns=0, tools=33, exit=0 
Sep 14 01:51:36 | to=0 | turns=0, tools=40, exit=0 
Sep 14 02:13:25 | to=0 | turns=0, tools=27, exit=0 
Sep 14 02:37:45 | to=0 | turns=1, tools=39, exit=0 
Sep 14 02:52:31 | to=0 | turns=0, tools=22, exit=0 
Sep 14 03:07:39 | to=0 | turns=0, tools=31, exit=0 
Sep 14 03:26:23 | to=0 | turns=0, tools=35, exit=0 
Sep 14 04:31:46 | to=0 | turns=0, tools=30, exit=0 
Sep 14 04:49:13 | to=0 | turns=0, tools=24, exit=0 
Sep 14 05:17:43 | to=0 | turns=2, tools=93, exit=0 
--- aggregate: runs=14 timeouts=0 exit1=0
--- requests in window: n=413 latency: median=6s max=277s over60s=7
VERDICT: clean window -- H1 supported (workload converted to fast closes)
[census-update] continuo census-window output for 2026-09-17 (REAL from sophon):
== census-window: agent=continuo day=2026-09-17 window=00:00-06:30 UTC ==
--- runs (start UTC | timeout? turns tools exit fate):
 | to= | turns=0, tools=46, exit=0 
Sep 17 00:10:38 | to=0 | turns=0, tools=33, exit=0 
Sep 17 00:40:39 | to=0 | turns=0, tools=49, exit=0 
Sep 17 01:21:04 | to=0 | turns=0, tools=51, exit=0 
--- aggregate: runs=4 timeouts=0 exit1=0
--- requests in window: n=418 latency: median=8s max=338s over60s=12
VERDICT: clean window -- H1 supported (workload converted to fast closes)

[census-update] continuo census-window output for 2026-09-17:
== census-window: agent=continuo day=2026-09-17 window=00:00-06:30 UTC ==
--- runs (start UTC | timeout? turns tools exit fate):
 | to= | turns=0, tools=46, exit=0 
Sep 17 00:10:38 | to=0 | turns=0, tools=33, exit=0 
Sep 17 00:40:39 | to=0 | turns=0, tools=49, exit=0 
Sep 17 01:21:04 | to=0 | turns=0, tools=51, exit=0 
Sep 17 01:53:14 | to=0 | turns=0, tools=56, exit=0 
Sep 17 02:21:29 | to=0 | turns=0, tools=50, exit=0 
Sep 17 02:58:36 | to=0 | turns=0, tools=41, exit=0 
Sep 17 03:30:33 | to=0 | turns=1, tools=35, exit=1 
Sep 17 04:15:00 | to=0 | turns=0, tools=37, exit=0 
Sep 17 05:02:21 | to=0 | turns=0, tools=45, exit=0 
Sep 17 05:37:32 | to=0 | turns=0, tools=69, exit=0 
Sep 17 06:11:59 | to=0 | turns=0, tools=33, exit=0 
--- aggregate: runs=12 timeouts=0 exit1=1
--- requests in window: 0 (log rotated past window or clean window)
VERDICT: exit1 without timeout -- different shape, read runs above
[census-update] continuo census-window output for 2026-09-18:
2026-09-18 23:57:30
bash: /root/personalization/knowledge/aria/bin/census-window.sh: No such file or directory
[census-update] continuo census-window output for 2026-09-18:
== census-window: agent=continuo day=2026-09-18 window=00:00-06:30 UTC ==
--- runs (start UTC | timeout? turns tools exit fate):
Sep 18 00:07:18 | to=0 | turns=4, tools=134, exit=0 
Sep 18 00:45:30 | to=0 | turns=2, tools=106, exit=1 
Sep 18 01:16:54 | to=0 | turns=0, tools=49, exit=0 
Sep 18 01:45:03 | to=0 | turns=1, tools=140, exit=1 
Sep 18 02:30:15 | to=0 | turns=1, tools=88, exit=1 
Sep 18 03:12:46 | to=0 | turns=1, tools=30, exit=1 
Sep 18 03:53:33 | to=0 | turns=1, tools=36, exit=1 
Sep 18 04:25:46 | to=0 | turns=1, tools=168, exit=1 
Sep 18 05:30:12 | to=0 | turns=1, tools=124, exit=0 
Sep 18 06:17:34 | to=0 | turns=0, tools=46, exit=0 
--- aggregate: runs=10 timeouts=0 exit1=6
--- requests in window: 0 (log rotated past window or clean window)
VERDICT: exit1 without timeout -- different shape, read runs above
[census-update] continuo census-window output for 2026-09-19:
== census-window: agent=continuo day=2026-09-19 window=00:00-06:30 UTC ==
--- runs (start UTC | timeout? turns tools exit fate):
 | to= | turns=0, tools=68, exit=0 
Sep 19 00:33:05 | to=0 | turns=2, tools=54, exit=0 
Sep 19 01:03:36 | to=0 | turns=0, tools=47, exit=0 
Sep 19 01:26:23 | to=0 | turns=2, tools=55, exit=0 
Sep 19 01:49:20 | to=0 | turns=0, tools=69, exit=0 
Sep 19 02:14:45 | to=0 | turns=0, tools=92, exit=0 
--- aggregate: runs=6 timeouts=0 exit1=0
--- requests in window: n=155 latency: median=9s max=63s over60s=1
VERDICT: clean window -- H1 supported (workload converted to fast closes)
