[ERR][2026-09-16 21:18:04] Cycle 1 failed in 509s (exit 255)
[INF][2026-09-16 21:18:06] --- Cycle 1/1 ---
  2026-09-17T00:18:07Z
--- aggregate: runs=0 timeouts=0 exit1=0
--- aggregate: runs=10 timeouts=0 exit1=6
--- aggregate: runs=12 timeouts=0 exit1=1
--- requests in window: 0 (log rotated past window or clean window)
--- runs (start UTC | timeout? turns tools exit fate):
== census-window: agent=continuo day=2026-09-15 window=00:00-06:30 UTC ==
== census-window: agent=continuo day=2026-09-16 window=00:00-06:30 UTC ==
== census-window: agent=continuo day=2026-09-18 window=00:00-06:30 UTC ==
Sep 15 00:31:35 | to=0 | turns=0, tools=21, exit=0 
Sep 15 00:48:04 | to=0 | turns=0, tools=27, exit=0 
Sep 15 01:18:43 | to=0 | turns=1, tools=27, exit=1 
Sep 15 02:08:34 | to=0 | turns=0, tools=27, exit=0 
Sep 15 03:14:51 | to=0 | turns=1, tools=37, exit=0 
Sep 15 03:50:07 | to=0 | turns=0, tools=38, exit=0 
Sep 15 04:20:15 | to=0 | turns=2, tools=28, exit=0 
Sep 15 04:31:44 | to=0 | turns=0, tools=25, exit=0 
Sep 15 05:01:01 | to=0 | turns=0, tools=28, exit=0 
Sep 15 05:27:37 | to=0 | turns=0, tools=30, exit=0 
Sep 15 06:00:41 | to=0 | turns=1, tools=67, exit=2 
Sep 15 06:21:01 | to=0 | turns=1, tools=30, exit=0 
Sep 18 00:07:18 | to=0 | turns=4, tools=134, exit=0 
Sep 18 00:45:30 | to=0 | turns=2, tools=106, exit=1 
Sep 18 01:16:54 | to=0 | turns=0, tools=49, exit=0 
Sep 18 01:45:03 | to=0 | turns=1, tools=140, exit=1 
Sep 18 02:30:15 | to=0 | turns=1, tools=88, exit=1 
Sep 18 03:12:46 | to=0 | turns=1, tools=30, exit=1 
Sep 18 03:53:33 | to=0 | turns=1, tools=36, exit=1 
Sep 18 04:25:46 | to=0 | turns=1, tools=168, exit=1 
Sep 18 05:30:12 | to=0 | turns=1, tools=124, exit=0 
Sep 18 06:17:34 | to=0 | turns=0, tools=46, exit=0 
VERDICT: clean window, H1 supported
VERDICT: exit1 without timeout -- different shape, read runs above
VERDICT: exit1 without timeout -- different shape, read runs above== census-window: agent=continuo day=2026-09-15 window=00:00-06:30 UTC ==
VERDICT: exit1 without timeout -- different shape, read runs above== census-window: agent=continuo day=2026-09-18 window=00:00-06:30 UTC ==
== census-window: agent=continuo day=2026-09-18 window=00:00-06:30 UTC ==
--- runs (start UTC | timeout? turns tools exit fate):
Sep 18 00:07:18 | to=0 | turns=4, tools=134, exit=0 
Sep 18 00:45:30 | to=0 | turns=2, tools=106, exit=1 
Sep 18 01:16:54 | to=0 | turns=0, tools=49, exit=0 
Sep 18 01:45:03 | to=0 | turns=1, tools=140, exit=1 
Sep 18 02:30:15 | to=0 | turns=1, tools=88, exit=1 
Sep 18 03:12:46 | to=0 | turns=1, tools=30, exit=1 
Sep 18 03:53:33 | to=0 | turns=1, tools=36, exit=1 
Sep 18 04:25:46 | to=0 | turns=1, tools=168, exit=1 
Sep 18 05:30:12 | to=0 | turns=1, tools=124, exit=0 
Sep 18 06:17:34 | to=0 | turns=0, tools=46, exit=0 
--- aggregate: runs=10 timeouts=0 exit1=6
--- requests in window: 0 (log rotated past window or clean window)
VERDICT: exit1 without timeout -- different shape, read runs above
== census-window: agent=continuo day=2026-09-18 window=00:00-06:30 UTC ==
--- runs (start UTC | timeout? turns tools exit fate):
Sep 18 00:07:18 | to=0 | turns=4, tools=134, exit=0 
Sep 18 00:45:30 | to=0 | turns=2, tools=106, exit=1 
Sep 18 01:16:54 | to=0 | turns=0, tools=49, exit=0 
Sep 18 01:45:03 | to=0 | turns=1, tools=140, exit=1 
Sep 18 02:30:15 | to=0 | turns=1, tools=88, exit=1 
Sep 18 03:12:46 | to=0 | turns=1, tools=30, exit=1 
Sep 18 03:53:33 | to=0 | turns=1, tools=36, exit=1 
Sep 18 04:25:46 | to=0 | turns=1, tools=168, exit=1 
Sep 18 05:30:12 | to=0 | turns=1, tools=124, exit=0 
Sep 18 06:17:34 | to=0 | turns=0, tools=46, exit=0 
--- aggregate: runs=10 timeouts=0 exit1=6
--- requests in window: 0 (log rotated past window or clean window)
VERDICT: exit1 without timeout -- different shape, read runs above
== census-window: agent=continuo day=2026-09-19 window=00:00-06:30 UTC ==
no journald lines for continuo in window (clean or unit not logging)
== census-window: agent=continuo day=2026-09-18 window=00:00-06:30 UTC ==
--- runs (start UTC | timeout? turns tools exit fate):
Sep 18 00:07:18 | to=0 | turns=4, tools=134, exit=0 
Sep 18 00:45:30 | to=0 | turns=2, tools=106, exit=1 
Sep 18 01:16:54 | to=0 | turns=0, tools=49, exit=0 
Sep 18 01:45:03 | to=0 | turns=1, tools=140, exit=1 
Sep 18 02:30:15 | to=0 | turns=1, tools=88, exit=1 
Sep 18 03:12:46 | to=0 | turns=1, tools=30, exit=1 
Sep 18 03:53:33 | to=0 | turns=1, tools=36, exit=1 
Sep 18 04:25:46 | to=0 | turns=1, tools=168, exit=1 
Sep 18 05:30:12 | to=0 | turns=1, tools=124, exit=0 
Sep 18 06:17:34 | to=0 | turns=0, tools=46, exit=0 
--- aggregate: runs=10 timeouts=0 exit1=6
--- requests in window: 0 (log rotated past window or clean window)
VERDICT: exit1 without timeout -- different shape, read runs above
bash: line 1: /root/personalization/knowledge/aria/bin/census-window.sh: No such file or directory
bash: line 1: cd: /root/personalization: No such file or directory
bash: line 1: cd: /root/personalization: No such file or directory
bash: /root/personalization/knowledge/aria/bin/census-window.sh: No such file or directory
== census-window: agent=continuo day=2026-09-19 window=00:00-06:30 UTC ==
--- runs (start UTC | timeout? turns tools exit fate):
 | to= | turns=0, tools=68, exit=0 
Sep 19 00:33:05 | to=0 | turns=2, tools=54, exit=0 
Sep 19 01:03:36 | to=0 | turns=0, tools=47, exit=0 
Sep 19 01:26:23 | to=0 | turns=2, tools=55, exit=0 
Sep 19 01:49:20 | to=0 | turns=0, tools=69, exit=0 
Sep 19 02:14:45 | to=0 | turns=0, tools=92, exit=0 
Sep 19 03:06:51 | to=0 | turns=0, tools=46, exit=0 
Sep 19 03:27:24 | to=0 | turns=1, tools=36, exit=0 
--- aggregate: runs=8 timeouts=0 exit1=0
--- requests in window: n=155 latency: median=9s max=63s over60s=1
VERDICT: clean window -- H1 supported (workload converted to fast closes)
== census-window: agent=continuo day=2026-09-19 window=00:00-06:30 UTC ==
--- runs (start UTC | timeout? turns tools exit fate):
 | to= | turns=0, tools=68, exit=0 
Sep 19 00:33:05 | to=0 | turns=2, tools=54, exit=0 
Sep 19 01:03:36 | to=0 | turns=0, tools=47, exit=0 
Sep 19 01:26:23 | to=0 | turns=2, tools=55, exit=0 
Sep 19 01:49:20 | to=0 | turns=0, tools=69, exit=0 
Sep 19 02:14:45 | to=0 | turns=0, tools=92, exit=0 
Sep 19 03:06:51 | to=0 | turns=0, tools=46, exit=0 
Sep 19 03:27:24 | to=0 | turns=1, tools=36, exit=0 
--- aggregate: runs=8 timeouts=0 exit1=0
--- requests in window: n=155 latency: median=9s max=63s over60s=1
VERDICT: clean window -- H1 supported (workload converted to fast closes)
[2026-09-19 09:52:00] --- census-window: agent=continuo day=2026-09-18 window=00:00-06:30 UTC ==
Sep 18 00:07:18 | to=0 | turns=4, tools=134, exit=0 
Sep 18 00:45:30 | to=0 | turns=2, tools=106, exit=1 
Sep 18 01:16:54 | to=0 | turns=0, tools=49, exit=0 
Sep 18 01:45:03 | to=0 | turns=1, tools=140, exit=1 
Sep 18 02:30:15 | to=0 | turns=1, tools=88, exit=1 
Sep 18 03:12:46 | to=0 | turns=1, tools=30, exit=1 
Sep 18 03:53:33 | to=0 | turns=1, tools=36, exit=1 
Sep 18 04:25:46 | to=0 | turns=1, tools=168, exit=1 
Sep 18 05:30:12 | to=0 | turns=1, tools=124, exit=0 
Sep 18 06:17:34 | to=0 | turns=0, tools=46, exit=0 
--- aggregate: runs=10 timeouts=0 exit1=6
--- requests in window: 0 (log rotated past window or clean window)
VERDICT: exit1 without timeout -- different shape, read runs above
