[2026-09-04T07:53:40Z] exterior_1 READ:driveway preview:1788501600.200427-1788505200.01656.mp4
[2026-09-04T07:53:40Z] exterior_2 READ:backyard preview:1788501600.139406-1788505200.189196.mp4
[2026-09-04T07:53:40Z] exterior_3 READ:driveway preview:1788501600.194078-1788505200.119946.mp4
[2026-09-04T07:53:40Z] exterior_4 READ:backyard preview:1788501600.021631-1788505200.032944.mp4
[2026-09-04T07:53:40Z] exterior_5 READ:front-door preview:1788501600.129187-1788505200.163299.mp4
[2026-09-04T07:53:40Z] interior_1 READ:living-room preview:1788501600.008893-1788505200.046715.mp4
[2026-09-04T07:53:40Z] interior_2 READ:kitchen preview:1788501600.128197-1788505200.047977.mp4
[2026-09-04T07:53:40Z] interior_3 READ:living-room preview:1788501600.090972-1788505200.01952.mp4
[2026-09-04T08:13:30Z] exterior_1 READ:driveway preview:1788505200.01656-1788508800.041678.mp4
[2026-09-04T08:13:30Z] exterior_2 READ:backyard preview:1788505200.189196-1788508800.009107.mp4
[2026-09-04T08:13:30Z] exterior_3 READ:driveway preview:1788505200.119946-1788508800.05459.mp4
[2026-09-04T08:13:30Z] exterior_4 READ:backyard preview:1788505200.032944-1788508800.051623.mp4
[2026-09-04T08:13:30Z] exterior_5 READ:front-door preview:1788505200.163299-1788508800.012937.mp4
[2026-09-04T08:13:30Z] interior_1 READ:living-room preview:1788505200.046715-1788508800.199557.mp4
[2026-09-04T08:13:30Z] interior_2 READ:kitchen preview:1788505200.047977-1788508800.106508.mp4
[2026-09-04T08:13:30Z] interior_3 READ:living-room preview:1788505200.01952-1788508800.173207.mp4
[2026-09-04T08:38:55Z] exterior_1 READ:driveway preview:1788505200.01656-1788508800.041678.mp4
[2026-09-04T08:38:55Z] exterior_2 READ:backyard preview:1788505200.189196-1788508800.009107.mp4
[2026-09-04T08:38:55Z] exterior_3 READ:driveway preview:1788505200.119946-1788508800.05459.mp4
[2026-09-04T08:38:55Z] exterior_4 READ:backyard preview:1788505200.032944-1788508800.051623.mp4
[2026-09-04T08:38:55Z] exterior_5 READ:front-door preview:1788505200.163299-1788508800.012937.mp4
[2026-09-04T08:38:55Z] interior_1 READ:living-room preview:1788505200.046715-1788508800.199557.mp4
[2026-09-04T08:38:55Z] interior_2 READ:kitchen preview:1788505200.047977-1788508800.106508.mp4
[2026-09-04T08:38:55Z] interior_3 READ:living-room preview:1788505200.01952-1788508800.173207.mp4
[2026-09-04T08:52:14Z] exterior_1 READ:driveway preview:1788505200.01656-1788508800.041678.mp4
[2026-09-04T08:52:14Z] exterior_2 READ:backyard preview:1788505200.189196-1788508800.009107.mp4
[2026-09-04T08:52:14Z] exterior_3 READ:driveway preview:1788505200.119946-1788508800.05459.mp4
[2026-09-04T08:52:14Z] exterior_4 READ:backyard preview:1788505200.032944-1788508800.051623.mp4
[2026-09-04T08:52:14Z] exterior_5 READ:front-door preview:1788505200.163299-1788508800.012937.mp4
[2026-09-04T08:52:14Z] interior_1 READ:living-room preview:1788505200.046715-1788508800.199557.mp4
[2026-09-04T08:52:14Z] interior_2 READ:kitchen preview:1788505200.047977-1788508800.106508.mp4
[2026-09-04T08:52:14Z] interior_3 READ:living-room preview:1788505200.01952-1788508800.173207.mp4
[2026-09-04T09:11:50Z] exterior_1 READ:driveway preview:1788508800.041678-1788512400.053979.mp4
[2026-09-04T09:11:50Z] exterior_2 READ:backyard preview:1788508800.009107-1788512400.038616.mp4
[2026-09-04T09:11:50Z] exterior_3 READ:driveway preview:1788508800.05459-1788512400.011921.mp4
[2026-09-04T09:11:50Z] exterior_4 READ:backyard preview:1788508800.051623-1788512400.064536.mp4
[2026-09-04T09:11:50Z] exterior_5 READ:front-door preview:1788508800.012937-1788512400.048949.mp4
[2026-09-04T09:11:50Z] interior_1 READ:living-room preview:1788508800.199557-1788512400.120075.mp4
[2026-09-04T09:11:50Z] interior_2 READ:kitchen preview:1788508800.106508-1788512400.032836.mp4
[2026-09-04T09:11:50Z] interior_3 READ:living-room preview:1788508800.173207-1788512400.088489.mp4
[2026-09-04T09:32:16Z] exterior_1 READ:driveway preview:1788508800.041678-1788512400.053979.mp4
[2026-09-04T09:32:16Z] exterior_2 READ:backyard preview:1788508800.009107-1788512400.038616.mp4
[2026-09-04T09:32:16Z] exterior_3 READ:driveway preview:1788508800.05459-1788512400.011921.mp4
[2026-09-04T09:32:16Z] exterior_4 READ:backyard preview:1788508800.051623-1788512400.064536.mp4
[2026-09-04T09:32:16Z] exterior_5 READ:front-door preview:1788508800.012937-1788512400.048949.mp4
[2026-09-04T09:32:16Z] interior_1 READ:living-room preview:1788508800.199557-1788512400.120075.mp4
[2026-09-04T09:32:16Z] interior_2 READ:kitchen preview:1788508800.106508-1788512400.032836.mp4
[2026-09-04T09:32:16Z] interior_3 READ:living-room preview:1788508800.173207-1788512400.088489.mp4
[2026-09-10T03:27:43Z] exterior_1 READ:driveway preview:1789005600.141296-1789009200.177563.mp4
[2026-09-10T03:27:43Z] exterior_2 READ:backyard preview:1789005600.179455-1789009200.155653.mp4
[2026-09-10T03:27:43Z] exterior_3 READ: preview:1789008573.573516-1789009200.066009.mp4
[2026-09-10T03:27:43Z] exterior_4 READ:garden preview:1789005667.453281-1789009200.007979.mp4
[2026-09-10T03:27:43Z] exterior_5 READ:balcony preview:1789005600.043973-1789009200.067219.mp4
[2026-09-10T03:27:43Z] interior_1 READ:living-room preview:1789005600.083297-1789009200.174551.mp4
[2026-09-10T03:27:43Z] interior_2 READ:kitchen preview:1789005600.01631-1789009200.112725.mp4
[2026-09-10T03:27:43Z] interior_3 READ:living-room preview:1789005600.042054-1789009200.160207.mp4
